# trials.log - cycle 4, Stage 1 (development period 2005-01 -> 2022-12, split geometry from 2006-07).
# Pre-registered order A1..A6, see PREREGISTRATION.md. Cycle 1-3 logs are archived under research/.

=== TRIAL 1 | 2026-09-27T06:45:21Z | hyp A1 | code 21ac561d0549 | FAIL ===
hypothesis : A1 time-series momentum (Moskowitz-Ooi-Pedersen 2012): long a pair whose own past L-month return is positive, short if negative; volatility-targeted, no-trade band.
grid       : {"lookback_months": [1, 3, 6, 12], "band": [0.1, 0.2, 0.3, 0.5]}  fixed: {}
data       : development 2005-01-02 -> 2022-12-30 (split geometry from 2006-07-02) | mt5_EURUSD bc4b9cfd06f8c3dc, mt5_GBPUSD 01e555bc13d01094, mt5_USDJPY 1af85499df842f9b, mt5_USDCAD 6f93d394bc220851, mt5_EURJPY 99467048dc35ee9f, rates_oecd_short_term bfac90a21a3d8a14, rates_policy_rates a6db1f84c1a4f5de, oanda_commit 7ba1d404aa8b, frame_EURUSD a44796505eb3e309, frame_GBPUSD facbbd724baca0f8, frame_USDJPY 290d38bf151e6ed2, frame_USDCAD 79a851f9aec35f49, frame_EURJPY b583721233caffb2
metrics    : oos_sharpe=-0.0282 is_sharpe_mean=-0.1296 wfe=None oos_max_dd=0.10022 oos_trades_per_year=174.31 oos_total_return=-0.01692 leak_test=PASS
split 1    : OOS 2011-10-02..2013-12-31 params={'lookback_months': 12, 'band': 0.2} IS_sh=0.1842 OOS_sh=0.139 OOS_dd=0.07799 OOS_tr/yr=211.84
split 2    : OOS 2013-12-31..2016-04-01 params={'lookback_months': 1, 'band': 0.5} IS_sh=-0.033 OOS_sh=0.0351 OOS_dd=0.08607 OOS_tr/yr=547.26
split 3    : OOS 2016-04-01..2018-07-01 params={'lookback_months': 1, 'band': 0.5} IS_sh=-0.9657 OOS_sh=-0.5638 OOS_dd=0.04509 OOS_tr/yr=112.46
split 4    : OOS 2018-07-01..2020-09-30 params={'lookback_months': 6, 'band': 0.5} IS_sh=0.3392 OOS_sh=0.0 OOS_dd=-0.0 OOS_tr/yr=0.0
split 5    : OOS 2020-09-30..2022-12-30 params={'lookback_months': 6, 'band': 0.5} IS_sh=-0.1729 OOS_sh=0.0 OOS_dd=-0.0 OOS_tr/yr=0.0
failure    : (b) OOS Sharpe -0.0282 < 1.5
failure    : (d) WFE undefined: mean IS Sharpe -0.1296 <= 0
failure    : integrity: no_order_desyncs failed

=== TRIAL 2 | 2026-09-27T07:23:08Z | hyp A1 | code de5192d10c9c | FAIL ===
hypothesis : A1 time-series momentum (Moskowitz-Ooi-Pedersen 2012): long a pair whose own past L-month return is positive, short if negative; volatility-targeted, no-trade band.
grid       : {"lookback_months": [1, 3, 6, 12], "band": [0.1, 0.2, 0.3, 0.5]}  fixed: {}
data       : development 2005-01-02 -> 2022-12-30 (split geometry from 2006-07-02) | mt5_EURUSD bc4b9cfd06f8c3dc, mt5_GBPUSD 01e555bc13d01094, mt5_USDJPY 1af85499df842f9b, mt5_USDCAD 6f93d394bc220851, mt5_EURJPY 99467048dc35ee9f, rates_oecd_short_term bfac90a21a3d8a14, rates_policy_rates a6db1f84c1a4f5de, oanda_commit 7ba1d404aa8b, frame_EURUSD a44796505eb3e309, frame_GBPUSD facbbd724baca0f8, frame_USDJPY 290d38bf151e6ed2, frame_USDCAD 79a851f9aec35f49, frame_EURJPY b583721233caffb2
metrics    : oos_sharpe=-0.0285 is_sharpe_mean=-0.1197 wfe=None oos_max_dd=0.10009 oos_trades_per_year=175.38 oos_total_return=-0.01704 leak_test=PASS
split 1    : OOS 2011-10-02..2013-12-31 params={'lookback_months': 12, 'band': 0.2} IS_sh=0.1874 OOS_sh=0.132 OOS_dd=0.07867 OOS_tr/yr=211.84
split 2    : OOS 2013-12-31..2016-04-01 params={'lookback_months': 1, 'band': 0.5} IS_sh=-0.0329 OOS_sh=0.0575 OOS_dd=0.08408 OOS_tr/yr=547.26
split 3    : OOS 2016-04-01..2018-07-01 params={'lookback_months': 1, 'band': 0.5} IS_sh=-0.9711 OOS_sh=-0.5971 OOS_dd=0.04706 OOS_tr/yr=117.79
split 4    : OOS 2018-07-01..2020-09-30 params={'lookback_months': 12, 'band': 0.5} IS_sh=0.378 OOS_sh=0.0 OOS_dd=-0.0 OOS_tr/yr=0.0
split 5    : OOS 2020-09-30..2022-12-30 params={'lookback_months': 6, 'band': 0.5} IS_sh=-0.1598 OOS_sh=0.0 OOS_dd=-0.0 OOS_tr/yr=0.0
failure    : (b) OOS Sharpe -0.0285 < 1.5
failure    : (d) WFE undefined: mean IS Sharpe -0.1197 <= 0

=== TRIAL 3 | 2026-09-27T07:29:43Z | hyp A2 | code 787ac7b42f1b | FAIL ===
hypothesis : A2 time-series momentum blend (Hurst-Ooi-Pedersen 2017): equal-weight average of the signs of the 1-, 3- and 12-month past returns; volatility-targeted, no-trade band.
grid       : {"band": [0.1, 0.2, 0.3, 0.5]}  fixed: {}
data       : development 2005-01-02 -> 2022-12-30 (split geometry from 2006-07-02) | mt5_EURUSD bc4b9cfd06f8c3dc, mt5_GBPUSD 01e555bc13d01094, mt5_USDJPY 1af85499df842f9b, mt5_USDCAD 6f93d394bc220851, mt5_EURJPY 99467048dc35ee9f, rates_oecd_short_term bfac90a21a3d8a14, rates_policy_rates a6db1f84c1a4f5de, oanda_commit 7ba1d404aa8b, frame_EURUSD a44796505eb3e309, frame_GBPUSD facbbd724baca0f8, frame_USDJPY 290d38bf151e6ed2, frame_USDCAD 79a851f9aec35f49, frame_EURJPY b583721233caffb2
metrics    : oos_sharpe=0.0461 is_sharpe_mean=-0.0667 wfe=None oos_max_dd=0.10016 oos_trades_per_year=501.67 oos_total_return=0.01078 leak_test=PASS
split 1    : OOS 2011-10-02..2013-12-31 params={'band': 0.5} IS_sh=0.0535 OOS_sh=-0.0453 OOS_dd=0.06415 OOS_tr/yr=1011.14
split 2    : OOS 2013-12-31..2016-04-01 params={'band': 0.5} IS_sh=-0.0423 OOS_sh=0.6673 OOS_dd=0.06385 OOS_tr/yr=860.24
split 3    : OOS 2016-04-01..2018-07-01 params={'band': 0.5} IS_sh=0.1163 OOS_sh=-0.9412 OOS_dd=0.07379 OOS_tr/yr=637.41
split 4    : OOS 2018-07-01..2020-09-30 params={'band': 0.1} IS_sh=0.0527 OOS_sh=0.0 OOS_dd=-0.0 OOS_tr/yr=0.0
split 5    : OOS 2020-09-30..2022-12-30 params={'band': 0.5} IS_sh=-0.5137 OOS_sh=0.0 OOS_dd=-0.0 OOS_tr/yr=0.0
failure    : (b) OOS Sharpe 0.0461 < 1.5
failure    : (d) WFE undefined: mean IS Sharpe -0.0667 <= 0

=== TRIAL 4 | 2026-09-27T07:37:09Z | hyp A3 | code 9e9382b1678d | FAIL ===
hypothesis : A3 multi-speed EWMA crossover (Baz et al. 2015, Man AHL): average response u(z) of three normalised EWMA crossovers (8/24, 16/48, 32/96 days); volatility-targeted, no-trade band.
grid       : {"band": [0.1, 0.2, 0.3, 0.5]}  fixed: {}
data       : development 2005-01-02 -> 2022-12-30 (split geometry from 2006-07-02) | mt5_EURUSD bc4b9cfd06f8c3dc, mt5_GBPUSD 01e555bc13d01094, mt5_USDJPY 1af85499df842f9b, mt5_USDCAD 6f93d394bc220851, mt5_EURJPY 99467048dc35ee9f, rates_oecd_short_term bfac90a21a3d8a14, rates_policy_rates a6db1f84c1a4f5de, oanda_commit 7ba1d404aa8b, frame_EURUSD a44796505eb3e309, frame_GBPUSD facbbd724baca0f8, frame_USDJPY 290d38bf151e6ed2, frame_USDCAD 79a851f9aec35f49, frame_EURJPY b583721233caffb2
metrics    : oos_sharpe=0.2543 is_sharpe_mean=0.3228 wfe=0.7877 oos_max_dd=0.08902 oos_trades_per_year=482.82 oos_total_return=0.0917 leak_test=PASS
split 1    : OOS 2011-10-02..2013-12-31 params={'band': 0.5} IS_sh=0.5421 OOS_sh=0.0364 OOS_dd=0.04799 OOS_tr/yr=225.19
split 2    : OOS 2013-12-31..2016-04-01 params={'band': 0.2} IS_sh=0.3042 OOS_sh=0.9625 OOS_dd=0.04437 OOS_tr/yr=585.5
split 3    : OOS 2016-04-01..2018-07-01 params={'band': 0.5} IS_sh=0.5253 OOS_sh=-0.1164 OOS_dd=0.03605 OOS_tr/yr=272.92
split 4    : OOS 2018-07-01..2020-09-30 params={'band': 0.5} IS_sh=0.5351 OOS_sh=-0.7576 OOS_dd=0.07012 OOS_tr/yr=285.9
split 5    : OOS 2020-09-30..2022-12-30 params={'band': 0.1} IS_sh=-0.2925 OOS_sh=0.7817 OOS_dd=0.03145 OOS_tr/yr=1044.29
failure    : (b) OOS Sharpe 0.2543 < 1.5

=== TRIAL 5 | 2026-09-27T07:45:54Z | hyp A4 | code 0f24b7bcc11b | FAIL ===
hypothesis : A4 currency carry (Koijen-Moskowitz-Pedersen-Vrugt 2018; Lustig-Roussanov-Verdelhan 2011): long the higher-yielding currency of each pair when the known rate differential exceeds theta; volatility-targeted, no-trade band.
grid       : {"theta": [0.0, 0.25, 0.5, 1.0], "band": [0.1, 0.2, 0.3, 0.5]}  fixed: {}
data       : development 2005-01-02 -> 2022-12-30 (split geometry from 2006-07-02) | mt5_EURUSD bc4b9cfd06f8c3dc, mt5_GBPUSD 01e555bc13d01094, mt5_USDJPY 1af85499df842f9b, mt5_USDCAD 6f93d394bc220851, mt5_EURJPY 99467048dc35ee9f, rates_oecd_short_term bfac90a21a3d8a14, rates_policy_rates a6db1f84c1a4f5de, oanda_commit 7ba1d404aa8b, frame_EURUSD a44796505eb3e309, frame_GBPUSD facbbd724baca0f8, frame_USDJPY 290d38bf151e6ed2, frame_USDCAD 79a851f9aec35f49, frame_EURJPY b583721233caffb2
metrics    : oos_sharpe=-0.7243 is_sharpe_mean=-0.367 wfe=None oos_max_dd=0.10003 oos_trades_per_year=2.4 oos_total_return=-0.0872 leak_test=PASS
split 1    : OOS 2011-10-02..2013-12-31 params={'theta': 1.0, 'band': 0.1} IS_sh=-0.3519 OOS_sh=-0.6088 OOS_dd=0.03134 OOS_tr/yr=4.45
split 2    : OOS 2013-12-31..2016-04-01 params={'theta': 0.25, 'band': 0.1} IS_sh=-0.7872 OOS_sh=-1.5091 OOS_dd=0.08421 OOS_tr/yr=7.56
split 3    : OOS 2016-04-01..2018-07-01 params={'theta': 0.0, 'band': 0.1} IS_sh=-0.3022 OOS_sh=0.0 OOS_dd=-0.0 OOS_tr/yr=0.0
split 4    : OOS 2018-07-01..2020-09-30 params={'theta': 1.0, 'band': 0.1} IS_sh=-0.5793 OOS_sh=0.0 OOS_dd=-0.0 OOS_tr/yr=0.0
split 5    : OOS 2020-09-30..2022-12-30 params={'theta': 1.0, 'band': 0.5} IS_sh=0.1858 OOS_sh=0.0 OOS_dd=-0.0 OOS_tr/yr=0.0
failure    : (a) OOS fills/year 2.4 <= 100
failure    : (b) OOS Sharpe -0.7243 < 1.5
failure    : (d) WFE undefined: mean IS Sharpe -0.367 <= 0

=== TRIAL 6 | 2026-09-27T07:59:34Z | hyp A5 | code 6327f8573e23 | FAIL ===
hypothesis : A5 cross-sectional currency momentum (Menkhoff-Sarno-Schmeling-Schrimpf 2012): rank USD, EUR, GBP, JPY, CAD by L-month performance, dollar-neutral rank weights traded through the USD pairs; volatility-targeted, no-trade band.
grid       : {"lookback_months": [1, 3, 6, 12], "band": [0.1, 0.2, 0.3, 0.5]}  fixed: {}
data       : development 2005-01-02 -> 2022-12-30 (split geometry from 2006-07-02) | mt5_EURUSD bc4b9cfd06f8c3dc, mt5_GBPUSD 01e555bc13d01094, mt5_USDJPY 1af85499df842f9b, mt5_USDCAD 6f93d394bc220851, mt5_EURJPY 99467048dc35ee9f, rates_oecd_short_term bfac90a21a3d8a14, rates_policy_rates a6db1f84c1a4f5de, oanda_commit 7ba1d404aa8b, frame_EURUSD a44796505eb3e309, frame_GBPUSD facbbd724baca0f8, frame_USDJPY 290d38bf151e6ed2, frame_USDCAD 79a851f9aec35f49, frame_EURJPY b583721233caffb2
metrics    : oos_sharpe=-0.2306 is_sharpe_mean=-0.1112 wfe=None oos_max_dd=0.10023 oos_trades_per_year=395.13 oos_total_return=-0.05583 leak_test=PASS
split 1    : OOS 2011-10-02..2013-12-31 params={'lookback_months': 12, 'band': 0.5} IS_sh=0.1264 OOS_sh=0.1575 OOS_dd=0.04603 OOS_tr/yr=489.99
split 2    : OOS 2013-12-31..2016-04-01 params={'lookback_months': 6, 'band': 0.5} IS_sh=-0.1563 OOS_sh=0.3217 OOS_dd=0.02937 OOS_tr/yr=415.23
split 3    : OOS 2016-04-01..2018-07-01 params={'lookback_months': 12, 'band': 0.5} IS_sh=0.038 OOS_sh=-0.5749 OOS_dd=0.05656 OOS_tr/yr=439.17
split 4    : OOS 2018-07-01..2020-09-30 params={'lookback_months': 12, 'band': 0.1} IS_sh=0.0051 OOS_sh=-1.1748 OOS_dd=0.04676 OOS_tr/yr=631.38
split 5    : OOS 2020-09-30..2022-12-30 params={'lookback_months': 6, 'band': 0.5} IS_sh=-0.5694 OOS_sh=0.0 OOS_dd=-0.0 OOS_tr/yr=0.0
failure    : (b) OOS Sharpe -0.2306 < 1.5
failure    : (d) WFE undefined: mean IS Sharpe -0.1112 <= 0

=== TRIAL 7 | 2026-09-27T08:06:58Z | hyp A6 | code af992ad79220 | FAIL ===
hypothesis : A6 multi-factor FX (Asness-Moskowitz-Pedersen 2013; KMPV 2018): equal blend of the A2 trend blend, A4 carry (theta = 0) and A5 cross-sectional momentum (12 months), netted per pair; volatility-targeted, no-trade band.
grid       : {"band": [0.1, 0.2, 0.3, 0.5]}  fixed: {}
data       : development 2005-01-02 -> 2022-12-30 (split geometry from 2006-07-02) | mt5_EURUSD bc4b9cfd06f8c3dc, mt5_GBPUSD 01e555bc13d01094, mt5_USDJPY 1af85499df842f9b, mt5_USDCAD 6f93d394bc220851, mt5_EURJPY 99467048dc35ee9f, rates_oecd_short_term bfac90a21a3d8a14, rates_policy_rates a6db1f84c1a4f5de, oanda_commit 7ba1d404aa8b, frame_EURUSD a44796505eb3e309, frame_GBPUSD facbbd724baca0f8, frame_USDJPY 290d38bf151e6ed2, frame_USDCAD 79a851f9aec35f49, frame_EURJPY b583721233caffb2
metrics    : oos_sharpe=-0.4616 is_sharpe_mean=-0.3767 wfe=None oos_max_dd=0.10031 oos_trades_per_year=690.47 oos_total_return=-0.09472 leak_test=PASS
split 1    : OOS 2011-10-02..2013-12-31 params={'band': 0.5} IS_sh=-0.2889 OOS_sh=-0.3531 OOS_dd=0.03614 OOS_tr/yr=989.33
split 2    : OOS 2013-12-31..2016-04-01 params={'band': 0.5} IS_sh=-0.2329 OOS_sh=-0.2201 OOS_dd=0.03233 OOS_tr/yr=644.62
split 3    : OOS 2016-04-01..2018-07-01 params={'band': 0.5} IS_sh=-0.3564 OOS_sh=-0.7972 OOS_dd=0.04598 OOS_tr/yr=864.55
split 4    : OOS 2018-07-01..2020-09-30 params={'band': 0.5} IS_sh=-0.37 OOS_sh=-0.5806 OOS_dd=0.05464 OOS_tr/yr=872.38
split 5    : OOS 2020-09-30..2022-12-30 params={'band': 0.5} IS_sh=-0.6353 OOS_sh=-1.395 OOS_dd=0.00792 OOS_tr/yr=81.8
failure    : (b) OOS Sharpe -0.4616 < 1.5
failure    : (d) WFE undefined: mean IS Sharpe -0.3767 <= 0

# Cycle 4 closed. The six pre-registered hypotheses ran in order (A1 twice: trial 1 before and trial 2 after the
# execution fix of PREREGISTRATION.md Addendum 1). None passed Stage 1, so no Stage-2 (holdout) run was made and the
# 2023 holdout was never loaded. 7 of the 8-trial budget used; slot 8 was not used.
=== TRIAL 8 | 2026-09-27T16:17:47Z | hyp A3F | code eb183beec26a | FAIL ===
hypothesis : A3F = A3 (multi-speed EWMA crossover, Baz et al. 2015) with a fast rolling walk-forward: OOS windows <= 152 days, IS the preceding 70:30 stretch, WFE gate >= 2/3 (Addendum 2, post-hoc).
grid       : {"band": [0.1, 0.2, 0.3, 0.5]}  fixed: {}
data       : development 2005-01-02 -> 2022-12-30 (split geometry from 2010-10-25) | mt5_EURUSD bc4b9cfd06f8c3dc, mt5_GBPUSD 01e555bc13d01094, mt5_USDJPY 1af85499df842f9b, mt5_USDCAD 6f93d394bc220851, mt5_EURJPY 99467048dc35ee9f, rates_oecd_short_term bfac90a21a3d8a14, rates_policy_rates a6db1f84c1a4f5de, oanda_commit 7ba1d404aa8b, frame_EURUSD a44796505eb3e309, frame_GBPUSD facbbd724baca0f8, frame_USDJPY 290d38bf151e6ed2, frame_USDCAD 79a851f9aec35f49, frame_EURJPY b583721233caffb2
metrics    : oos_sharpe=0.2149 is_sharpe_mean=0.1896 wfe=1.1335 oos_max_dd=0.09259 oos_trades_per_year=617.28 oos_total_return=0.0784 leak_test=PASS
split 1    : OOS 2011-10-02..2012-02-26 params={'band': 0.5} IS_sh=-0.2305 OOS_sh=-1.5332 OOS_dd=0.02706 OOS_tr/yr=231.01
split 2    : OOS 2012-02-26..2012-07-22 params={'band': 0.5} IS_sh=-0.7355 OOS_sh=0.1446 OOS_dd=0.01406 OOS_tr/yr=233.63
split 3    : OOS 2012-07-22..2012-12-16 params={'band': 0.2} IS_sh=-0.5498 OOS_sh=-0.7411 OOS_dd=0.0297 OOS_tr/yr=797.36
split 4    : OOS 2012-12-16..2013-05-12 params={'band': 0.1} IS_sh=-0.9904 OOS_sh=1.5898 OOS_dd=0.01788 OOS_tr/yr=698.4
split 5    : OOS 2013-05-12..2013-10-06 params={'band': 0.1} IS_sh=0.6084 OOS_sh=-1.6055 OOS_dd=0.0377 OOS_tr/yr=1123.08
split 6    : OOS 2013-10-06..2014-03-02 params={'band': 0.5} IS_sh=0.6725 OOS_sh=1.9679 OOS_dd=0.01281 OOS_tr/yr=101.84
split 7    : OOS 2014-03-02..2014-07-25 params={'band': 0.5} IS_sh=0.3684 OOS_sh=-0.4635 OOS_dd=0.00882 OOS_tr/yr=370.93
split 8    : OOS 2014-07-25..2014-12-19 params={'band': 0.5} IS_sh=1.3528 OOS_sh=2.6209 OOS_dd=0.01731 OOS_tr/yr=204.21
split 9    : OOS 2014-12-19..2015-05-15 params={'band': 0.3} IS_sh=1.5316 OOS_sh=0.9998 OOS_dd=0.03141 OOS_tr/yr=161.87
split 10    : OOS 2015-05-15..2015-10-08 params={'band': 0.2} IS_sh=1.6047 OOS_sh=-0.773 OOS_dd=0.01529 OOS_tr/yr=741.91
split 11    : OOS 2015-10-08..2016-03-03 params={'band': 0.2} IS_sh=1.0506 OOS_sh=1.2303 OOS_dd=0.02641 OOS_tr/yr=615.11
split 12    : OOS 2016-03-03..2016-07-28 params={'band': 0.1} IS_sh=-0.0828 OOS_sh=0.1765 OOS_dd=0.01964 OOS_tr/yr=948.82
split 13    : OOS 2016-07-28..2016-12-21 params={'band': 0.3} IS_sh=0.3417 OOS_sh=0.8926 OOS_dd=0.01507 OOS_tr/yr=490.46
split 14    : OOS 2016-12-21..2017-05-17 params={'band': 0.5} IS_sh=0.5747 OOS_sh=-2.3808 OOS_dd=0.02731 OOS_tr/yr=321.25
split 15    : OOS 2017-05-17..2017-10-11 params={'band': 0.5} IS_sh=-0.5178 OOS_sh=0.3571 OOS_dd=0.01626 OOS_tr/yr=211.68
split 16    : OOS 2017-10-11..2018-03-06 params={'band': 0.5} IS_sh=-0.1924 OOS_sh=0.1405 OOS_dd=0.01917 OOS_tr/yr=226.56
split 17    : OOS 2018-03-06..2018-07-31 params={'band': 0.1} IS_sh=0.3374 OOS_sh=-0.6893 OOS_dd=0.01847 OOS_tr/yr=1531.56
split 18    : OOS 2018-07-31..2018-12-25 params={'band': 0.1} IS_sh=-0.02 OOS_sh=0.4751 OOS_dd=0.02388 OOS_tr/yr=904.09
split 19    : OOS 2018-12-25..2019-05-20 params={'band': 0.1} IS_sh=-0.1044 OOS_sh=-1.3258 OOS_dd=0.0315 OOS_tr/yr=1389.24
split 20    : OOS 2019-05-20..2019-10-14 params={'band': 0.5} IS_sh=0.0481 OOS_sh=-0.0112 OOS_dd=0.02364 OOS_tr/yr=333.71
split 21    : OOS 2019-10-14..2020-03-09 params={'band': 0.2} IS_sh=0.0569 OOS_sh=-2.1161 OOS_dd=0.03085 OOS_tr/yr=1165.48
split 22    : OOS 2020-03-09..2020-08-02 params={'band': 0.1} IS_sh=-0.8376 OOS_sh=-0.9292 OOS_dd=0.03965 OOS_tr/yr=1302.08
split 23    : OOS 2020-08-02..2020-12-27 params={'band': 0.2} IS_sh=-1.5534 OOS_sh=1.0215 OOS_dd=0.02448 OOS_tr/yr=109.3
split 24    : OOS 2020-12-27..2021-05-23 params={'band': 0.1} IS_sh=-0.355 OOS_sh=1.3239 OOS_dd=0.01667 OOS_tr/yr=589.04
split 25    : OOS 2021-05-23..2021-10-17 params={'band': 0.1} IS_sh=1.4173 OOS_sh=-1.0304 OOS_dd=0.02716 OOS_tr/yr=1451.06
split 26    : OOS 2021-10-17..2022-03-13 params={'band': 0.3} IS_sh=0.8352 OOS_sh=-0.2326 OOS_dd=0.02065 OOS_tr/yr=621.17
split 27    : OOS 2022-03-13..2022-08-07 params={'band': 0.5} IS_sh=-0.2413 OOS_sh=1.7775 OOS_dd=0.01451 OOS_tr/yr=156.54
split 28    : OOS 2022-08-07..2022-12-30 params={'band': 0.5} IS_sh=0.919 OOS_sh=0.9427 OOS_dd=0.01552 OOS_tr/yr=249.31
failure    : (b) OOS Sharpe 0.2149 < 1.5

# Addendum 2: trial 8 (A3F, A3 with a fast rolling walk-forward, post-hoc, requested after the results above)
# failed Stage 1 on gate (b). The 8-trial budget is used up; the 2023 holdout was never loaded.
